{
  "event_validity": [],
  "push": [
    {
      "kind": "event",
      "sequence": 1,
      "status": "ACCEPTED",
      "action": "stage",
      "evidence": [
        {
          "code": "window_assignment",
          "start_ms": 0,
          "end_ms": 10,
          "group_sha256": "7bf21b3c3ebc8a257d2618abe4d23978afbc5fb90fc183ab67326150f8ba378c",
          "behind_watermark": false
        }
      ]
    }
  ],
  "checkpoint_version": 3
}
{"genuine_checkpoint_restored": false, "error": "group digest differs from retained numeric grouping witness"}
