{
  "event_validity": [],
  "push": [
    {
      "kind": "event",
      "sequence": 1,
      "status": "ACCEPTED",
      "action": "stage",
      "evidence": [
        {
          "code": "window_assignment",
          "start_ms": 0,
          "end_ms": 10,
          "group_sha256": "7bf21b3c3ebc8a257d2618abe4d23978afbc5fb90fc183ab67326150f8ba378c",
          "behind_watermark": false
        }
      ]
    }
  ],
  "checkpoint_version": 3
}
{
  "genuine_checkpoint_restored": true,
  "finish": [
    {
      "kind": "window",
      "sequence": 1,
      "status": "PASS",
      "action": "release",
      "evidence": {
        "start_ms": 0,
        "end_ms": 10,
        "group_sha256": "7bf21b3c3ebc8a257d2618abe4d23978afbc5fb90fc183ab67326150f8ba378c",
        "trigger": "end_of_stream",
        "watermark_ms": -9,
        "sample_count": 1,
        "checks": [
          {
            "name": "mean",
            "op": "mean",
            "observed": 0.0,
            "status": "PASS",
            "reasons": [],
            "sample_count": 1,
            "expected": {
              "min": -1,
              "max": 1,
              "reference": null,
              "max_absolute_delta": null,
              "min_samples": 1
            }
          }
        ]
      }
    }
  ]
}
