[
  {
    "original_decisions": [
      {
        "kind": "window",
        "sequence": 1,
        "status": "FAIL",
        "action": "quarantine",
        "evidence": {
          "start_ms": 0,
          "end_ms": 10,
          "group_sha256": "4f53cda18c2baa0c0354bb5f9a3ecbe5ed12ab4d8e11ba873c2f11161202b945",
          "trigger": "end_of_stream",
          "watermark_ms": -9,
          "sample_count": 1,
          "checks": [
            {
              "name": "limit",
              "op": "mean",
              "observed": 100.0,
              "status": "FAIL",
              "reasons": [
                "above_maximum"
              ],
              "sample_count": 1,
              "expected": {
                "min": null,
                "max": 50,
                "reference": null,
                "max_absolute_delta": null,
                "min_samples": 1
              }
            }
          ]
        }
      }
    ],
    "invalid_event_zero": [
      {
        "code": "enum",
        "field": "x"
      }
    ]
  },
  {
    "probe": "numeric_enum_impossible_zero_changes_FAIL_to_PASS",
    "accepted_impossible_state": false,
    "error": "aggregate extrema violate the accepted field domain"
  },
  {
    "probe": "non_binary_input_minimum_one_third",
    "accepted_impossible_state": false,
    "error": "rational state is outside the dyadic input domain"
  },
  {
    "probe": "ungrouped_digest_not_hash_of_empty_tuple",
    "accepted_impossible_state": false,
    "error": "ungrouped state has incompatible group identity"
  },
  {
    "probe": "timestamp_moments_outside_recorded_window_and_maximum",
    "accepted_impossible_state": false,
    "error": "event time aggregate differs from time witness"
  }
]
